EVA3_5_PROCEDIMIENTOS

MySQL Shell 8.0.22

Copyright (c) 2016, 2020, Oracle and/or its affiliates.
Oracle is a registered trademark of Oracle Corporation and/or its affiliates.
Other names may be trademarks of their respective owners.

Type '\help' or '\?' for help; '\quit' to exit.
 MySQL  JS > \sql
Switching to SQL mode... Commands end with ;
 MySQL  SQL > \connect --mc root@localhost
Creating a Classic session to 'root@localhost'
Please provide the password for 'root@localhost': ****
Save password for 'root@localhost'? [Y]es/[N]o/Ne[v]er (default No): No
Fetching schema names for autocompletion... Press ^C to stop.
Your MySQL connection id is 63
Server version: 8.0.22 MySQL Community Server - GPL
No default schema selected; type \use <schema> to set one.
 MySQL  localhost:3306 ssl  SQL > use empresa_tbd
Default schema set to `empresa_tbd`.
Fetching table and column names from `empresa_tbd` for auto-completion... Press ^C to stop.
 MySQL  localhost:3306 ssl  empresa_tbd  SQL > select contar_empleados;
ERROR: 1054 (42S22): Unknown column 'contar_empleados' in 'field list'
 MySQL  localhost:3306 ssl  empresa_tbd  SQL > select contar_empleados();
+--------------------+
| contar_empleados() |
+--------------------+
|                107 |
+--------------------+
1 row in set (0.0245 sec)
 MySQL  localhost:3306 ssl  empresa_tbd  SQL > desc countries;
+--------------+---------------+------+-----+---------+-------+
| Field        | Type          | Null | Key | Default | Extra |
+--------------+---------------+------+-----+---------+-------+
| COUNTRY_ID   | varchar(2)    | NO   | PRI | NULL    |       |
| COUNTRY_NAME | varchar(40)   | YES  |     | NULL    |       |
| REGION_ID    | decimal(10,0) | YES  | MUL | NULL    |       |
+--------------+---------------+------+-----+---------+-------+
3 rows in set (0.0024 sec)
 MySQL  localhost:3306 ssl  empresa_tbd  SQL > show create countries;
ERROR: 1064 (42000): You have an error in your SQL syntax; check the manual that corresponds to your MySQL server version for the right syntax to use near 'countries' at line 1
 MySQL  localhost:3306 ssl  empresa_tbd  SQL > create show countries;
ERROR: 1064 (42000): You have an error in your SQL syntax; check the manual that corresponds to your MySQL server version for the right syntax to use near 'show countries' at line 1
 MySQL  localhost:3306 ssl  empresa_tbd  SQL > show create table countries;
+-----------+------------------------------------------------------------------------------------------------------------------------------------------------------------------------------------------------------------------------------------------------------------------------------------------+
| Table     | Create Table

                                                       |
+-----------+------------------------------------------------------------------------------------------------------------------------------------------------------------------------------------------------------------------------------------------------------------------------------------------+
| countries | CREATE TABLE `countries` (
  `COUNTRY_ID` varchar(2) NOT NULL,
  `COUNTRY_NAME` varchar(40) DEFAULT NULL,
  `REGION_ID` decimal(10,0) DEFAULT NULL,
  PRIMARY KEY (`COUNTRY_ID`),
  KEY `COUNTR_REG_FK` (`REGION_ID`)
) ENGINE=InnoDB DEFAULT CHARSET=utf8mb4 COLLATE=utf8mb4_0900_ai_ci |
+-----------+------------------------------------------------------------------------------------------------------------------------------------------------------------------------------------------------------------------------------------------------------------------------------------------+
1 row in set (0.0027 sec)
 MySQL  localhost:3306 ssl  empresa_tbd  SQL > select distinct(region_id) from countries;
+-----------+
| region_id |
+-----------+
|      NULL |
|         1 |
|         2 |
|         3 |
|         4 |
+-----------+
5 rows in set (0.0020 sec)
 MySQL  localhost:3306 ssl  empresa_tbd  SQL > select agregar_pais("EE", "ESCALERA ELECTRILANDIA");
+----------------------------------------------+
| agregar_pais("EE", "ESCALERA ELECTRILANDIA") |
+----------------------------------------------+
|                                            1 |
+----------------------------------------------+
1 row in set (0.0069 sec)
 MySQL  localhost:3306 ssl  empresa_tbd  SQL > call agregar_pais("MG", "MUNDO GUANTE");
Query OK, 1 row affected (0.0069 sec)
 MySQL  localhost:3306 ssl  empresa_tbd  SQL > call consultar_empleados(103);
+-------------+------------+-----------+---------+--------------+------------+---------+---------+----------------+------------+---------------+
| EMPLOYEE_ID | FIRST_NAME | LAST_NAME | EMAIL   | PHONE_NUMBER | HIRE_DATE  | JOB_ID  | SALARY  | COMMISSION_PCT | MANAGER_ID | DEPARTMENT_ID |
+-------------+------------+-----------+---------+--------------+------------+---------+---------+----------------+------------+---------------+
|         103 | Alexander  | Hunold    | AHUNOLD | 590.423.4567 | 1987-06-20 | IT_PROG | 9000.00 |           0.00 |        102 |            60 |
+-------------+------------+-----------+---------+--------------+------------+---------+---------+----------------+------------+---------------+
1 row in set (0.0021 sec)

Query OK, 0 rows affected (0.0021 sec)
 MySQL  localhost:3306 ssl  empresa_tbd  SQL > call contar_empleados(@total);
+------+
| cont |
+------+
|  107 |
+------+
1 row in set (0.0042 sec)

Query OK, 0 rows affected (0.0042 sec)
 MySQL  localhost:3306 ssl  empresa_tbd  SQL > call agregar_pais("FB", "FONDO DE BIKINI");
Query OK, 1 row affected (0.0050 sec)
 MySQL  localhost:3306 ssl  empresa_tbd  SQL > select * from countries where id = 'FB';
ERROR: 1054 (42S22): Unknown column 'id' in 'where clause'
 MySQL  localhost:3306 ssl  empresa_tbd  SQL > select * from countries where country_id = 'FB';
+------------+-----------------+-----------+
| COUNTRY_ID | COUNTRY_NAME    | REGION_ID |
+------------+-----------------+-----------+
| FB         | FONDO DE BIKINI |         1 |
+------------+-----------------+-----------+
1 row in set (0.0011 sec)
 MySQL  localhost:3306 ssl  empresa_tbd  SQL > use tbd_e3;
Default schema set to `tbd_e3`.
Fetching table and column names from `tbd_e3` for auto-completion... Press ^C to stop.
 MySQL  localhost:3306 ssl  tbd_e3  SQL > create table productos(id int, nombre varchar(50));
Query OK, 0 rows affected (0.0832 sec)
 MySQL  localhost:3306 ssl  tbd_e3  SQL > insert into productos(id, nombre) values(1, Gomita mordida);
ERROR: 1064 (42000): You have an error in your SQL syntax; check the manual that corresponds to your MySQL server version for the right syntax to use near 'mordida)' at line 1
 MySQL  localhost:3306 ssl  tbd_e3  SQL > insert into productos(id, nombre) values(1, "Gomita mordida");
Query OK, 1 row affected (0.0092 sec)
 MySQL  localhost:3306 ssl  tbd_e3  SQL > select * from productos;
+----+----------------+
| id | nombre         |
+----+----------------+
|  1 | Gomita mordida |
+----+----------------+
1 row in set (0.0008 sec)
 MySQL  localhost:3306 ssl  tbd_e3  SQL > select ultimo_id();
+-------------+
| ultimo_id() |
+-------------+
|           1 |
+-------------+
1 row in set (0.0022 sec)
 MySQL  localhost:3306 ssl  tbd_e3  SQL > call insertar_producto("Marcatextos naranja");
Query OK, 1 row affected (0.0054 sec)
 MySQL  localhost:3306 ssl  tbd_e3  SQL > select * from productos;
+----+---------------------+
| id | nombre              |
+----+---------------------+
|  1 | Gomita mordida      |
|  2 | Marcatextos naranja |
+----+---------------------+
2 rows in set (0.0017 sec)
 MySQL  localhost:3306 ssl  tbd_e3  SQL > select ultimo_id();
+-------------+
| ultimo_id() |
+-------------+
|           2 |
+-------------+
1 row in set (0.0010 sec)
 MySQL  localhost:3306 ssl  tbd_e3  SQL >